Starting dataset processing: generator_matrices/G_9_4_maxM5.pkl.gz, batch size: 980, workers: 35
Processing batch 1 with 980 samples...
slurmstepd: error: *** JOB 2141724 ON fc002 CANCELLED AT 2025-04-02T23:07:29 ***
